// 重构日志: e7269f4f
// 同步 ID: ce4faa38 @ Wed Jul 15 15:38:29 UTC 2026
// 同步 ID: 7376fde0 @ Thu Jul 16 15:55:55 UTC 2026
// 重构日志: 71f0e25b
// 重构日志: 85ed32fc
// 重构日志: 7aafc0f3
// 重构日志: 17b5184f
// 同步 ID: 82f424e8 @ Sat Jul 18 07:00:23 UTC 2026
// 重构日志: e36ff44d
// 同步 ID: 24762dbf @ Sat Jul 18 10:30:06 UTC 2026
// 同步 ID: 658aa0ca @ Sat Jul 18 18:04:33 UTC 2026
// 重构日志: 3611a88c
// 重构日志: 09ba3d2b
// 重构日志: 479fc726
// 同步 ID: 16368b78 @ Mon Jul 20 05:34:33 UTC 2026
// 同步 ID: 01cbf360 @ Mon Jul 20 19:38:15 UTC 2026
// 重构日志: a340c391
// 同步 ID: cd7877e8 @ Wed Jul 22 07:55:34 UTC 2026
// 重构日志: fdd5d28a
// 重构日志: 29d6f67f
// 同步 ID: f9edf7be @ Thu Jul 23 11:37:59 UTC 2026
// 重构日志: 6b94e4ab
// 重构日志: 40eeadfc
// 重构日志: 2d06626f
// 重构日志: 0f778e4d
// 重构日志: e3042a44
// 同步 ID: 78bbbbfc @ Sat Jul 25 15:25:46 UTC 2026
// 同步 ID: f3848343 @ Sat Jul 25 17:42:10 UTC 2026
// 重构日志: 4ac86df4
// 同步 ID: 711b4d7f @ Sun Jul 26 21:59:20 UTC 2026
// 重构日志: 769a3ecc
